# Console / CP が読む代表的な DTO の JSON キー集合。生成物 —— 手で編集しない。
# 更新: cd workspace/agent && go test -run TestWireShapeGolden -update-wire-golden .
# 形式: <型>.<キーパス> <JSON上の型>[,omitempty]（[]=配列 / raw=素通し JSON）
# count: 79
Repo.ahead number
Repo.behind number
Repo.branch string
Repo.createdAt string,omitempty
Repo.dirty bool
Repo.integration.relation string
Repo.integration.targetBranch string,omitempty
Repo.integration.targetUnique number
Repo.integration.worktreeUnique number
Repo.locked bool,omitempty
Repo.name string
Repo.parent string,omitempty
Repo.path string
Repo.provider string,omitempty
Repo.remote string,omitempty
Repo.revision string,omitempty
Repo.unborn bool,omitempty
Repo.url string,omitempty
Repo.vcs string,omitempty
Repo.workingCopyId string
Repo.worktree bool,omitempty
RepoStatus.ahead number
RepoStatus.behind number
RepoStatus.branch string
RepoStatus.detached bool
RepoStatus.dirty bool
RepoStatus.staged number
RepoStatus.unborn bool,omitempty
RepoStatus.unstaged number
RepoStatus.untracked number
notice.Event.createdAt string
notice.Event.displayName string
notice.Event.id string
notice.Event.kind string
notice.Event.payload object
notice.Event.sessionKind string
notice.Event.sessionName string
resources.Stats.cpu_pct number,omitempty
resources.Stats.disk_total number,omitempty
resources.Stats.disk_used number,omitempty
resources.Stats.mem_max number,omitempty
resources.Stats.mem_used number,omitempty
resources.Stats.oom_kill_total number,omitempty
session.Session.alive bool
session.Session.archived bool,omitempty
session.Session.backgroundBusy bool
session.Session.backgroundBusyReason string,omitempty
session.Session.branch string,omitempty
session.Session.branchDrift bool,omitempty
session.Session.carried string,omitempty
session.Session.color string
session.Session.context.create number
session.Session.context.fresh number
session.Session.context.model string
session.Session.context.read number
session.Session.createdAt string
session.Session.currentBranch string,omitempty
session.Session.dir string
session.Session.display string
session.Session.driver string,omitempty
session.Session.exitCode number,omitempty
session.Session.exitReason string,omitempty
session.Session.exitSignal number,omitempty
session.Session.keepAwakeUntil string,omitempty
session.Session.kind string
session.Session.label string
session.Session.locked bool,omitempty
session.Session.name string
session.Session.rateLimitResumeAt string,omitempty
session.Session.remoteUrl string
session.Session.repo string
session.Session.resumable bool
session.Session.started string
session.Session.state string
session.Session.subdir string,omitempty
session.Session.title string
session.Session.tmux string
session.Session.workingCopyId string,omitempty
session.Session.worktree bool,omitempty
