# Console が読む代表的な DTO の JSON キー集合。生成物 —— 手で編集しない。
# 更新: cd control-plane && go test -run TestWireShapeGolden -update-wire-golden ./...
# 形式: <型>.<キーパス> <JSON上の型>[,omitempty]（[]=配列 / raw=素通し JSON）
# count: 153
adminSessionRow.alive bool
adminSessionRow.dir string
adminSessionRow.email string
adminSessionRow.kind string
adminSessionRow.label string
adminSessionRow.name string
adminSessionRow.repo string
adminSessionRow.resumable bool
adminSessionRow.started string
adminSessionRow.state string
adminSessionRow.tenant string
adminSessionRow.user_key string
adminSessionRow.workspace_state string
imageInfo.digest string,omitempty
imageInfo.repo string
imageInfo.tag string,omitempty
memoDTO.attachments[].name string
memoDTO.attachments[].path string
memoDTO.body string
memoDTO.category string
memoDTO.createdAt string
memoDTO.id string
memoDTO.kind string
memoDTO.position number
memoDTO.refPath string
memoDTO.repo string
memoDTO.sentAt string
notificationDTO.createdAt string
notificationDTO.displayName string
notificationDTO.id string
notificationDTO.kind string
notificationDTO.payload object
notificationDTO.seen bool
notificationDTO.seq number
notificationDTO.target.id string
notificationDTO.target.kind string,omitempty
notificationDTO.target.type string
scheduleDTO.agent_kind string,omitempty
scheduleDTO.created_at string,omitempty
scheduleDTO.enabled bool
scheduleDTO.id string,omitempty
scheduleDTO.last_run string,omitempty
scheduleDTO.last_status string,omitempty
scheduleDTO.missing_target_policy string,omitempty
scheduleDTO.model string,omitempty
scheduleDTO.new_branch bool,omitempty
scheduleDTO.next_run string,omitempty
scheduleDTO.next_run_local string,omitempty
scheduleDTO.overlap_policy string,omitempty
scheduleDTO.owner_conv string,omitempty
scheduleDTO.prompt string,omitempty
scheduleDTO.repo string,omitempty
scheduleDTO.report bool
scheduleDTO.reuse_run_count number,omitempty
scheduleDTO.reuse_session string,omitempty
scheduleDTO.reuse_target string,omitempty
scheduleDTO.rotation string,omitempty
scheduleDTO.session_mode string,omitempty
scheduleDTO.spec string
scheduleDTO.spec_kind string
scheduleDTO.spec_label string,omitempty
scheduleDTO.tz string,omitempty
scheduleDTO.updated_at string,omitempty
scheduleDTO.wake_policy string,omitempty
scheduleDTO.warning string,omitempty
scheduleDTO.worktree string,omitempty
sessionWire.alive bool
sessionWire.archived bool,omitempty
sessionWire.backgroundBusy bool
sessionWire.backgroundBusyReason string,omitempty
sessionWire.branch string,omitempty
sessionWire.branchDrift bool,omitempty
sessionWire.carried string,omitempty
sessionWire.color string,omitempty
sessionWire.context raw,omitempty
sessionWire.createdAt string
sessionWire.currentBranch string,omitempty
sessionWire.dir string
sessionWire.display string
sessionWire.driver string,omitempty
sessionWire.exitCode number,omitempty
sessionWire.exitReason string,omitempty
sessionWire.exitSignal number,omitempty
sessionWire.keepAwakeUntil string,omitempty
sessionWire.kind string
sessionWire.label string
sessionWire.locked bool,omitempty
sessionWire.name string
sessionWire.rateLimitResumeAt string,omitempty
sessionWire.remoteUrl string
sessionWire.repo string
sessionWire.resumable bool
sessionWire.started string
sessionWire.state string
sessionWire.subdir string,omitempty
sessionWire.title string,omitempty
sessionWire.workingCopyId string,omitempty
sessionWire.worktree bool,omitempty
usageHourlyResponse.from string
usageHourlyResponse.interval_secs number
usageHourlyResponse.members[].email string
usageHourlyResponse.members[].hours[].busy_secs number,omitempty
usageHourlyResponse.members[].hours[].hour string
usageHourlyResponse.members[].hours[].max_busy number,omitempty
usageHourlyResponse.members[].hours[].max_sessions number,omitempty
usageHourlyResponse.members[].hours[].measured_secs number,omitempty
usageHourlyResponse.members[].hours[].running_secs number,omitempty
usageHourlyResponse.members[].hours[].samples number,omitempty
usageHourlyResponse.members[].hours[].session_secs number,omitempty
usageHourlyResponse.members[].tenant string
usageHourlyResponse.members[].user_key string
usageHourlyResponse.observed[].busy_secs number,omitempty
usageHourlyResponse.observed[].hour string
usageHourlyResponse.observed[].max_busy number,omitempty
usageHourlyResponse.observed[].max_sessions number,omitempty
usageHourlyResponse.observed[].measured_secs number,omitempty
usageHourlyResponse.observed[].running_secs number,omitempty
usageHourlyResponse.observed[].samples number,omitempty
usageHourlyResponse.observed[].session_secs number,omitempty
usageHourlyResponse.to string
usageTotal.email string
usageTotal.running_hours number
usageTotal.running_secs number
usageTotal.tenant string
usageTotal.user_key string
workItemDTO.assignee string
workItemDTO.id string
workItemDTO.key string
workItemDTO.kind string
workItemDTO.labels [string]
workItemDTO.provider string
workItemDTO.queryId string
workItemDTO.repo string
workItemDTO.state string
workItemDTO.title string
workItemDTO.updatedAt string
workItemDTO.url string
workItemQueryDTO.enabled bool
workItemQueryDTO.fetchedAt string
workItemQueryDTO.id string
workItemQueryDTO.label string
workItemQueryDTO.lastError string
workItemQueryDTO.position number
workItemQueryDTO.provider string
workItemQueryDTO.query string
workItemQueryDTO.repoHint string
workItemSessionDTO.branch string
workItemSessionDTO.createdAt string
workItemSessionDTO.id string
workItemSessionDTO.itemKey string
workItemSessionDTO.provider string
workItemSessionDTO.repo string
workItemSessionDTO.sessionName string
